[77966:6736442:0908/224827.980006:INFO:components/enterprise/browser/controller/chrome_browser_cloud_management_controller.cc:241] No machine level policy manager exists.
[77966:6736498:0908/224827.980628:ERROR:mojo/public/cpp/platform/named_platform_channel_mac.cc:44] bootstrap_check_in com.google.Chrome.apps.05C8780744A7DA5D04C32E7A7A5F2C7059B02E129F1041E96B00D71F700CEDA1: Permission denied (1100)
[77966:6736487:0908/224827.980709:ERROR:components/segmentation_platform/internal/database/ukm_database_backend.cc:142] Failed to open UKM database: 0 database is locked
[77966:6736442:0908/224828.272274:ERROR:chrome/browser/ui/webui/ntp/new_tab_ui.cc:54] Requested load of chrome://newtab/ for incorrect profile type.
[77966:6736442:0908/224828.750884:INFO:CONSOLE:288] "fast_login:  null", source: https://open.weixin.qq.com/connect/qrconnect?appid=wxf4edef2994e8d519&redirect_uri=https://uia.njfu.edu.cn/authserver/callback&response_type=code&scope=snsapi_login&state=c3ef8593e869bcc748b46d0e8acca2a6 (288)
[77966:6736442:0908/224828.750972:INFO:CONSOLE:288] "fastLogin_enabled:  true", source: https://open.weixin.qq.com/connect/qrconnect?appid=wxf4edef2994e8d519&redirect_uri=https://uia.njfu.edu.cn/authserver/callback&response_type=code&scope=snsapi_login&state=c3ef8593e869bcc748b46d0e8acca2a6 (288)
[77966:6736442:0908/224828.803134:INFO:CONSOLE:288] "qrcode loaded， duration:  62", source: https://open.weixin.qq.com/connect/qrconnect?appid=wxf4edef2994e8d519&redirect_uri=https://uia.njfu.edu.cn/authserver/callback&response_type=code&scope=snsapi_login&state=c3ef8593e869bcc748b46d0e8acca2a6 (288)
[77966:6736442:0908/224828.803592:INFO:CONSOLE:288] "checklogin请求发起: Tue Sep 08 2026 22:48:28 GMT+0800 (China Standard Time)", source: https://open.weixin.qq.com/connect/qrconnect?appid=wxf4edef2994e8d519&redirect_uri=https://uia.njfu.edu.cn/authserver/callback&response_type=code&scope=snsapi_login&state=c3ef8593e869bcc748b46d0e8acca2a6 (288)
[77966:6736442:0908/224828.803719:INFO:CONSOLE:288] "checklogin post redirect_uri https://uia.njfu.edu.cn/authserver/callback", source: https://open.weixin.qq.com/connect/qrconnect?appid=wxf4edef2994e8d519&redirect_uri=https://uia.njfu.edu.cn/authserver/callback&response_type=code&scope=snsapi_login&state=c3ef8593e869bcc748b46d0e8acca2a6 (288)
[77966:6736442:0908/224828.803856:INFO:CONSOLE:288] "当前port:  14013", source: https://open.weixin.qq.com/connect/qrconnect?appid=wxf4edef2994e8d519&redirect_uri=https://uia.njfu.edu.cn/authserver/callback&response_type=code&scope=snsapi_login&state=c3ef8593e869bcc748b46d0e8acca2a6 (288)
[77966:6736442:0908/224828.804434:INFO:CONSOLE:288] "checklogin post redirect_uri https://uia.njfu.edu.cn/authserver/callback", source: https://open.weixin.qq.com/connect/qrconnect?appid=wxf4edef2994e8d519&redirect_uri=https://uia.njfu.edu.cn/authserver/callback&response_type=code&scope=snsapi_login&state=c3ef8593e869bcc748b46d0e8acca2a6 (288)
[77966:6736442:0908/224828.804497:INFO:CONSOLE:288] "当前port:  14014", source: https://open.weixin.qq.com/connect/qrconnect?appid=wxf4edef2994e8d519&redirect_uri=https://uia.njfu.edu.cn/authserver/callback&response_type=code&scope=snsapi_login&state=c3ef8593e869bcc748b46d0e8acca2a6 (288)
[77966:6736442:0908/224828.804643:INFO:CONSOLE:288] "checklogin post redirect_uri https://uia.njfu.edu.cn/authserver/callback", source: https://open.weixin.qq.com/connect/qrconnect?appid=wxf4edef2994e8d519&redirect_uri=https://uia.njfu.edu.cn/authserver/callback&response_type=code&scope=snsapi_login&state=c3ef8593e869bcc748b46d0e8acca2a6 (288)
[77966:6736442:0908/224828.804694:INFO:CONSOLE:288] "当前port:  14015", source: https://open.weixin.qq.com/connect/qrconnect?appid=wxf4edef2994e8d519&redirect_uri=https://uia.njfu.edu.cn/authserver/callback&response_type=code&scope=snsapi_login&state=c3ef8593e869bcc748b46d0e8acca2a6 (288)
[77966:6736442:0908/224828.804796:INFO:CONSOLE:288] "checklogin post redirect_uri https://uia.njfu.edu.cn/authserver/callback", source: https://open.weixin.qq.com/connect/qrconnect?appid=wxf4edef2994e8d519&redirect_uri=https://uia.njfu.edu.cn/authserver/callback&response_type=code&scope=snsapi_login&state=c3ef8593e869bcc748b46d0e8acca2a6 (288)
[77966:6736442:0908/224828.804839:INFO:CONSOLE:288] "当前port:  13013", source: https://open.weixin.qq.com/connect/qrconnect?appid=wxf4edef2994e8d519&redirect_uri=https://uia.njfu.edu.cn/authserver/callback&response_type=code&scope=snsapi_login&state=c3ef8593e869bcc748b46d0e8acca2a6 (288)
[77966:6736442:0908/224828.804962:INFO:CONSOLE:288] "checklogin post redirect_uri https://uia.njfu.edu.cn/authserver/callback", source: https://open.weixin.qq.com/connect/qrconnect?appid=wxf4edef2994e8d519&redirect_uri=https://uia.njfu.edu.cn/authserver/callback&response_type=code&scope=snsapi_login&state=c3ef8593e869bcc748b46d0e8acca2a6 (288)
[77966:6736442:0908/224828.805006:INFO:CONSOLE:288] "当前port:  13014", source: https://open.weixin.qq.com/connect/qrconnect?appid=wxf4edef2994e8d519&redirect_uri=https://uia.njfu.edu.cn/authserver/callback&response_type=code&scope=snsapi_login&state=c3ef8593e869bcc748b46d0e8acca2a6 (288)
[77966:6736442:0908/224828.805113:INFO:CONSOLE:288] "checklogin post redirect_uri https://uia.njfu.edu.cn/authserver/callback", source: https://open.weixin.qq.com/connect/qrconnect?appid=wxf4edef2994e8d519&redirect_uri=https://uia.njfu.edu.cn/authserver/callback&response_type=code&scope=snsapi_login&state=c3ef8593e869bcc748b46d0e8acca2a6 (288)
[77966:6736442:0908/224828.805146:INFO:CONSOLE:288] "当前port:  13015", source: https://open.weixin.qq.com/connect/qrconnect?appid=wxf4edef2994e8d519&redirect_uri=https://uia.njfu.edu.cn/authserver/callback&response_type=code&scope=snsapi_login&state=c3ef8593e869bcc748b46d0e8acca2a6 (288)
[77966:6736442:0908/224828.813591:INFO:CONSOLE:288] "端口14013连接失败，尝试下一个端口", source: https://open.weixin.qq.com/connect/qrconnect?appid=wxf4edef2994e8d519&redirect_uri=https://uia.njfu.edu.cn/authserver/callback&response_type=code&scope=snsapi_login&state=c3ef8593e869bcc748b46d0e8acca2a6 (288)
[77966:6736442:0908/224828.813701:INFO:CONSOLE:288] "before handle, fastLogin:  false", source: https://open.weixin.qq.com/connect/qrconnect?appid=wxf4edef2994e8d519&redirect_uri=https://uia.njfu.edu.cn/authserver/callback&response_type=code&scope=snsapi_login&state=c3ef8593e869bcc748b46d0e8acca2a6 (288)
[77966:6736442:0908/224828.813740:INFO:CONSOLE:288] "after handle, fastLogin:  false", source: https://open.weixin.qq.com/connect/qrconnect?appid=wxf4edef2994e8d519&redirect_uri=https://uia.njfu.edu.cn/authserver/callback&response_type=code&scope=snsapi_login&state=c3ef8593e869bcc748b46d0e8acca2a6 (288)
[77966:6736442:0908/224828.813938:INFO:CONSOLE:288] "端口14014连接失败，尝试下一个端口", source: https://open.weixin.qq.com/connect/qrconnect?appid=wxf4edef2994e8d519&redirect_uri=https://uia.njfu.edu.cn/authserver/callback&response_type=code&scope=snsapi_login&state=c3ef8593e869bcc748b46d0e8acca2a6 (288)
[77966:6736442:0908/224828.814003:INFO:CONSOLE:288] "before handle, fastLogin:  false", source: https://open.weixin.qq.com/connect/qrconnect?appid=wxf4edef2994e8d519&redirect_uri=https://uia.njfu.edu.cn/authserver/callback&response_type=code&scope=snsapi_login&state=c3ef8593e869bcc748b46d0e8acca2a6 (288)
[77966:6736442:0908/224828.814046:INFO:CONSOLE:288] "after handle, fastLogin:  false", source: https://open.weixin.qq.com/connect/qrconnect?appid=wxf4edef2994e8d519&redirect_uri=https://uia.njfu.edu.cn/authserver/callback&response_type=code&scope=snsapi_login&state=c3ef8593e869bcc748b46d0e8acca2a6 (288)
[77966:6736442:0908/224828.814120:INFO:CONSOLE:288] "端口13013连接失败，尝试下一个端口", source: https://open.weixin.qq.com/connect/qrconnect?appid=wxf4edef2994e8d519&redirect_uri=https://uia.njfu.edu.cn/authserver/callback&response_type=code&scope=snsapi_login&state=c3ef8593e869bcc748b46d0e8acca2a6 (288)
[77966:6736442:0908/224828.814161:INFO:CONSOLE:288] "before handle, fastLogin:  false", source: https://open.weixin.qq.com/connect/qrconnect?appid=wxf4edef2994e8d519&redirect_uri=https://uia.njfu.edu.cn/authserver/callback&response_type=code&scope=snsapi_login&state=c3ef8593e869bcc748b46d0e8acca2a6 (288)
[77966:6736442:0908/224828.814208:INFO:CONSOLE:288] "after handle, fastLogin:  false", source: https://open.weixin.qq.com/connect/qrconnect?appid=wxf4edef2994e8d519&redirect_uri=https://uia.njfu.edu.cn/authserver/callback&response_type=code&scope=snsapi_login&state=c3ef8593e869bcc748b46d0e8acca2a6 (288)
[77966:6736442:0908/224828.814266:INFO:CONSOLE:288] "端口13014连接失败，尝试下一个端口", source: https://open.weixin.qq.com/connect/qrconnect?appid=wxf4edef2994e8d519&redirect_uri=https://uia.njfu.edu.cn/authserver/callback&response_type=code&scope=snsapi_login&state=c3ef8593e869bcc748b46d0e8acca2a6 (288)
[77966:6736442:0908/224828.814300:INFO:CONSOLE:288] "before handle, fastLogin:  false", source: https://open.weixin.qq.com/connect/qrconnect?appid=wxf4edef2994e8d519&redirect_uri=https://uia.njfu.edu.cn/authserver/callback&response_type=code&scope=snsapi_login&state=c3ef8593e869bcc748b46d0e8acca2a6 (288)
[77966:6736442:0908/224828.814351:INFO:CONSOLE:288] "after handle, fastLogin:  false", source: https://open.weixin.qq.com/connect/qrconnect?appid=wxf4edef2994e8d519&redirect_uri=https://uia.njfu.edu.cn/authserver/callback&response_type=code&scope=snsapi_login&state=c3ef8593e869bcc748b46d0e8acca2a6 (288)
[77966:6736442:0908/224828.814394:INFO:CONSOLE:288] "端口14015连接失败，尝试下一个端口", source: https://open.weixin.qq.com/connect/qrconnect?appid=wxf4edef2994e8d519&redirect_uri=https://uia.njfu.edu.cn/authserver/callback&response_type=code&scope=snsapi_login&state=c3ef8593e869bcc748b46d0e8acca2a6 (288)
[77966:6736442:0908/224828.814422:INFO:CONSOLE:288] "before handle, fastLogin:  false", source: https://open.weixin.qq.com/connect/qrconnect?appid=wxf4edef2994e8d519&redirect_uri=https://uia.njfu.edu.cn/authserver/callback&response_type=code&scope=snsapi_login&state=c3ef8593e869bcc748b46d0e8acca2a6 (288)
[77966:6736442:0908/224828.814453:INFO:CONSOLE:288] "after handle, fastLogin:  false", source: https://open.weixin.qq.com/connect/qrconnect?appid=wxf4edef2994e8d519&redirect_uri=https://uia.njfu.edu.cn/authserver/callback&response_type=code&scope=snsapi_login&state=c3ef8593e869bcc748b46d0e8acca2a6 (288)
[77966:6736442:0908/224828.815009:INFO:CONSOLE:288] "端口13015连接失败，尝试下一个端口", source: https://open.weixin.qq.com/connect/qrconnect?appid=wxf4edef2994e8d519&redirect_uri=https://uia.njfu.edu.cn/authserver/callback&response_type=code&scope=snsapi_login&state=c3ef8593e869bcc748b46d0e8acca2a6 (288)
[77966:6736442:0908/224828.815052:INFO:CONSOLE:288] "before handle, fastLogin:  false", source: https://open.weixin.qq.com/connect/qrconnect?appid=wxf4edef2994e8d519&redirect_uri=https://uia.njfu.edu.cn/authserver/callback&response_type=code&scope=snsapi_login&state=c3ef8593e869bcc748b46d0e8acca2a6 (288)
[77966:6736442:0908/224828.815085:INFO:CONSOLE:288] "after handle, fastLogin:  false", source: https://open.weixin.qq.com/connect/qrconnect?appid=wxf4edef2994e8d519&redirect_uri=https://uia.njfu.edu.cn/authserver/callback&response_type=code&scope=snsapi_login&state=c3ef8593e869bcc748b46d0e8acca2a6 (288)
[77966:6736442:0908/224828.815390:INFO:CONSOLE:288] "fastLogin:  false", source: https://open.weixin.qq.com/connect/qrconnect?appid=wxf4edef2994e8d519&redirect_uri=https://uia.njfu.edu.cn/authserver/callback&response_type=code&scope=snsapi_login&state=c3ef8593e869bcc748b46d0e8acca2a6 (288)
[77966:6736442:0908/224828.815418:INFO:CONSOLE:288] "请求结束: Tue Sep 08 2026 22:48:28 GMT+0800 (China Standard Time)", source: https://open.weixin.qq.com/connect/qrconnect?appid=wxf4edef2994e8d519&redirect_uri=https://uia.njfu.edu.cn/authserver/callback&response_type=code&scope=snsapi_login&state=c3ef8593e869bcc748b46d0e8acca2a6 (288)
[77966:6736442:0908/224828.815447:INFO:CONSOLE:288] "请求时长: 12 ms", source: https://open.weixin.qq.com/connect/qrconnect?appid=wxf4edef2994e8d519&redirect_uri=https://uia.njfu.edu.cn/authserver/callback&response_type=code&scope=snsapi_login&state=c3ef8593e869bcc748b46d0e8acca2a6 (288)
[77966:6736442:0908/224829.681759:INFO:CONSOLE:288] "fast_login:  null", source: https://open.weixin.qq.com/connect/qrconnect?appid=wxf4edef2994e8d519&redirect_uri=https://uia.njfu.edu.cn/authserver/callback&response_type=code&scope=snsapi_login&state=83a3c4e1df5e762572e18445c1730056 (288)
[77966:6736442:0908/224829.681797:INFO:CONSOLE:288] "fastLogin_enabled:  true", source: https://open.weixin.qq.com/connect/qrconnect?appid=wxf4edef2994e8d519&redirect_uri=https://uia.njfu.edu.cn/authserver/callback&response_type=code&scope=snsapi_login&state=83a3c4e1df5e762572e18445c1730056 (288)
[77966:6736442:0908/224829.738209:INFO:CONSOLE:288] "qrcode loaded， duration:  61", source: https://open.weixin.qq.com/connect/qrconnect?appid=wxf4edef2994e8d519&redirect_uri=https://uia.njfu.edu.cn/authserver/callback&response_type=code&scope=snsapi_login&state=83a3c4e1df5e762572e18445c1730056 (288)
[77966:6736442:0908/224829.738505:INFO:CONSOLE:288] "checklogin请求发起: Tue Sep 08 2026 22:48:29 GMT+0800 (China Standard Time)", source: https://open.weixin.qq.com/connect/qrconnect?appid=wxf4edef2994e8d519&redirect_uri=https://uia.njfu.edu.cn/authserver/callback&response_type=code&scope=snsapi_login&state=83a3c4e1df5e762572e18445c1730056 (288)
[77966:6736442:0908/224829.738623:INFO:CONSOLE:288] "checklogin post redirect_uri https://uia.njfu.edu.cn/authserver/callback", source: https://open.weixin.qq.com/connect/qrconnect?appid=wxf4edef2994e8d519&redirect_uri=https://uia.njfu.edu.cn/authserver/callback&response_type=code&scope=snsapi_login&state=83a3c4e1df5e762572e18445c1730056 (288)
[77966:6736442:0908/224829.738780:INFO:CONSOLE:288] "当前port:  14013", source: https://open.weixin.qq.com/connect/qrconnect?appid=wxf4edef2994e8d519&redirect_uri=https://uia.njfu.edu.cn/authserver/callback&response_type=code&scope=snsapi_login&state=83a3c4e1df5e762572e18445c1730056 (288)
[77966:6736442:0908/224829.739320:INFO:CONSOLE:288] "checklogin post redirect_uri https://uia.njfu.edu.cn/authserver/callback", source: https://open.weixin.qq.com/connect/qrconnect?appid=wxf4edef2994e8d519&redirect_uri=https://uia.njfu.edu.cn/authserver/callback&response_type=code&scope=snsapi_login&state=83a3c4e1df5e762572e18445c1730056 (288)
[77966:6736442:0908/224829.739451:INFO:CONSOLE:288] "当前port:  14014", source: https://open.weixin.qq.com/connect/qrconnect?appid=wxf4edef2994e8d519&redirect_uri=https://uia.njfu.edu.cn/authserver/callback&response_type=code&scope=snsapi_login&state=83a3c4e1df5e762572e18445c1730056 (288)
[77966:6736442:0908/224829.739647:INFO:CONSOLE:288] "checklogin post redirect_uri https://uia.njfu.edu.cn/authserver/callback", source: https://open.weixin.qq.com/connect/qrconnect?appid=wxf4edef2994e8d519&redirect_uri=https://uia.njfu.edu.cn/authserver/callback&response_type=code&scope=snsapi_login&state=83a3c4e1df5e762572e18445c1730056 (288)
[77966:6736442:0908/224829.739699:INFO:CONSOLE:288] "当前port:  14015", source: https://open.weixin.qq.com/connect/qrconnect?appid=wxf4edef2994e8d519&redirect_uri=https://uia.njfu.edu.cn/authserver/callback&response_type=code&scope=snsapi_login&state=83a3c4e1df5e762572e18445c1730056 (288)
[77966:6736442:0908/224829.739870:INFO:CONSOLE:288] "checklogin post redirect_uri https://uia.njfu.edu.cn/authserver/callback", source: https://open.weixin.qq.com/connect/qrconnect?appid=wxf4edef2994e8d519&redirect_uri=https://uia.njfu.edu.cn/authserver/callback&response_type=code&scope=snsapi_login&state=83a3c4e1df5e762572e18445c1730056 (288)
[77966:6736442:0908/224829.739961:INFO:CONSOLE:288] "当前port:  13013", source: https://open.weixin.qq.com/connect/qrconnect?appid=wxf4edef2994e8d519&redirect_uri=https://uia.njfu.edu.cn/authserver/callback&response_type=code&scope=snsapi_login&state=83a3c4e1df5e762572e18445c1730056 (288)
[77966:6736442:0908/224829.740065:INFO:CONSOLE:288] "checklogin post redirect_uri https://uia.njfu.edu.cn/authserver/callback", source: https://open.weixin.qq.com/connect/qrconnect?appid=wxf4edef2994e8d519&redirect_uri=https://uia.njfu.edu.cn/authserver/callback&response_type=code&scope=snsapi_login&state=83a3c4e1df5e762572e18445c1730056 (288)
[77966:6736442:0908/224829.740151:INFO:CONSOLE:288] "当前port:  13014", source: https://open.weixin.qq.com/connect/qrconnect?appid=wxf4edef2994e8d519&redirect_uri=https://uia.njfu.edu.cn/authserver/callback&response_type=code&scope=snsapi_login&state=83a3c4e1df5e762572e18445c1730056 (288)
[77966:6736442:0908/224829.740266:INFO:CONSOLE:288] "checklogin post redirect_uri https://uia.njfu.edu.cn/authserver/callback", source: https://open.weixin.qq.com/connect/qrconnect?appid=wxf4edef2994e8d519&redirect_uri=https://uia.njfu.edu.cn/authserver/callback&response_type=code&scope=snsapi_login&state=83a3c4e1df5e762572e18445c1730056 (288)
[77966:6736442:0908/224829.740348:INFO:CONSOLE:288] "当前port:  13015", source: https://open.weixin.qq.com/connect/qrconnect?appid=wxf4edef2994e8d519&redirect_uri=https://uia.njfu.edu.cn/authserver/callback&response_type=code&scope=snsapi_login&state=83a3c4e1df5e762572e18445c1730056 (288)
[77966:6736442:0908/224829.740836:INFO:CONSOLE:288] "端口14013连接失败，尝试下一个端口", source: https://open.weixin.qq.com/connect/qrconnect?appid=wxf4edef2994e8d519&redirect_uri=https://uia.njfu.edu.cn/authserver/callback&response_type=code&scope=snsapi_login&state=83a3c4e1df5e762572e18445c1730056 (288)
[77966:6736442:0908/224829.740888:INFO:CONSOLE:288] "before handle, fastLogin:  false", source: https://open.weixin.qq.com/connect/qrconnect?appid=wxf4edef2994e8d519&redirect_uri=https://uia.njfu.edu.cn/authserver/callback&response_type=code&scope=snsapi_login&state=83a3c4e1df5e762572e18445c1730056 (288)
[77966:6736442:0908/224829.740932:INFO:CONSOLE:288] "after handle, fastLogin:  false", source: https://open.weixin.qq.com/connect/qrconnect?appid=wxf4edef2994e8d519&redirect_uri=https://uia.njfu.edu.cn/authserver/callback&response_type=code&scope=snsapi_login&state=83a3c4e1df5e762572e18445c1730056 (288)
[77966:6736442:0908/224829.741080:INFO:CONSOLE:288] "端口14014连接失败，尝试下一个端口", source: https://open.weixin.qq.com/connect/qrconnect?appid=wxf4edef2994e8d519&redirect_uri=https://uia.njfu.edu.cn/authserver/callback&response_type=code&scope=snsapi_login&state=83a3c4e1df5e762572e18445c1730056 (288)
[77966:6736442:0908/224829.741140:INFO:CONSOLE:288] "before handle, fastLogin:  false", source: https://open.weixin.qq.com/connect/qrconnect?appid=wxf4edef2994e8d519&redirect_uri=https://uia.njfu.edu.cn/authserver/callback&response_type=code&scope=snsapi_login&state=83a3c4e1df5e762572e18445c1730056 (288)
[77966:6736442:0908/224829.741254:INFO:CONSOLE:288] "after handle, fastLogin:  false", source: https://open.weixin.qq.com/connect/qrconnect?appid=wxf4edef2994e8d519&redirect_uri=https://uia.njfu.edu.cn/authserver/callback&response_type=code&scope=snsapi_login&state=83a3c4e1df5e762572e18445c1730056 (288)
[77966:6736442:0908/224829.741896:INFO:CONSOLE:288] "端口14015连接失败，尝试下一个端口", source: https://open.weixin.qq.com/connect/qrconnect?appid=wxf4edef2994e8d519&redirect_uri=https://uia.njfu.edu.cn/authserver/callback&response_type=code&scope=snsapi_login&state=83a3c4e1df5e762572e18445c1730056 (288)
[77966:6736442:0908/224829.742008:INFO:CONSOLE:288] "before handle, fastLogin:  false", source: https://open.weixin.qq.com/connect/qrconnect?appid=wxf4edef2994e8d519&redirect_uri=https://uia.njfu.edu.cn/authserver/callback&response_type=code&scope=snsapi_login&state=83a3c4e1df5e762572e18445c1730056 (288)
[77966:6736442:0908/224829.742052:INFO:CONSOLE:288] "after handle, fastLogin:  false", source: https://open.weixin.qq.com/connect/qrconnect?appid=wxf4edef2994e8d519&redirect_uri=https://uia.njfu.edu.cn/authserver/callback&response_type=code&scope=snsapi_login&state=83a3c4e1df5e762572e18445c1730056 (288)
[77966:6736442:0908/224829.742108:INFO:CONSOLE:288] "端口13013连接失败，尝试下一个端口", source: https://open.weixin.qq.com/connect/qrconnect?appid=wxf4edef2994e8d519&redirect_uri=https://uia.njfu.edu.cn/authserver/callback&response_type=code&scope=snsapi_login&state=83a3c4e1df5e762572e18445c1730056 (288)
[77966:6736442:0908/224829.742170:INFO:CONSOLE:288] "before handle, fastLogin:  false", source: https://open.weixin.qq.com/connect/qrconnect?appid=wxf4edef2994e8d519&redirect_uri=https://uia.njfu.edu.cn/authserver/callback&response_type=code&scope=snsapi_login&state=83a3c4e1df5e762572e18445c1730056 (288)
[77966:6736442:0908/224829.742208:INFO:CONSOLE:288] "after handle, fastLogin:  false", source: https://open.weixin.qq.com/connect/qrconnect?appid=wxf4edef2994e8d519&redirect_uri=https://uia.njfu.edu.cn/authserver/callback&response_type=code&scope=snsapi_login&state=83a3c4e1df5e762572e18445c1730056 (288)
[77966:6736442:0908/224829.742257:INFO:CONSOLE:288] "端口13014连接失败，尝试下一个端口", source: https://open.weixin.qq.com/connect/qrconnect?appid=wxf4edef2994e8d519&redirect_uri=https://uia.njfu.edu.cn/authserver/callback&response_type=code&scope=snsapi_login&state=83a3c4e1df5e762572e18445c1730056 (288)
[77966:6736442:0908/224829.742298:INFO:CONSOLE:288] "before handle, fastLogin:  false", source: https://open.weixin.qq.com/connect/qrconnect?appid=wxf4edef2994e8d519&redirect_uri=https://uia.njfu.edu.cn/authserver/callback&response_type=code&scope=snsapi_login&state=83a3c4e1df5e762572e18445c1730056 (288)
[77966:6736442:0908/224829.742326:INFO:CONSOLE:288] "after handle, fastLogin:  false", source: https://open.weixin.qq.com/connect/qrconnect?appid=wxf4edef2994e8d519&redirect_uri=https://uia.njfu.edu.cn/authserver/callback&response_type=code&scope=snsapi_login&state=83a3c4e1df5e762572e18445c1730056 (288)
[77966:6736442:0908/224829.742372:INFO:CONSOLE:288] "端口13015连接失败，尝试下一个端口", source: https://open.weixin.qq.com/connect/qrconnect?appid=wxf4edef2994e8d519&redirect_uri=https://uia.njfu.edu.cn/authserver/callback&response_type=code&scope=snsapi_login&state=83a3c4e1df5e762572e18445c1730056 (288)
[77966:6736442:0908/224829.742398:INFO:CONSOLE:288] "before handle, fastLogin:  false", source: https://open.weixin.qq.com/connect/qrconnect?appid=wxf4edef2994e8d519&redirect_uri=https://uia.njfu.edu.cn/authserver/callback&response_type=code&scope=snsapi_login&state=83a3c4e1df5e762572e18445c1730056 (288)
[77966:6736442:0908/224829.742428:INFO:CONSOLE:288] "after handle, fastLogin:  false", source: https://open.weixin.qq.com/connect/qrconnect?appid=wxf4edef2994e8d519&redirect_uri=https://uia.njfu.edu.cn/authserver/callback&response_type=code&scope=snsapi_login&state=83a3c4e1df5e762572e18445c1730056 (288)
[77966:6736442:0908/224829.742499:INFO:CONSOLE:288] "fastLogin:  false", source: https://open.weixin.qq.com/connect/qrconnect?appid=wxf4edef2994e8d519&redirect_uri=https://uia.njfu.edu.cn/authserver/callback&response_type=code&scope=snsapi_login&state=83a3c4e1df5e762572e18445c1730056 (288)
[77966:6736442:0908/224829.742531:INFO:CONSOLE:288] "请求结束: Tue Sep 08 2026 22:48:29 GMT+0800 (China Standard Time)", source: https://open.weixin.qq.com/connect/qrconnect?appid=wxf4edef2994e8d519&redirect_uri=https://uia.njfu.edu.cn/authserver/callback&response_type=code&scope=snsapi_login&state=83a3c4e1df5e762572e18445c1730056 (288)
[77966:6736442:0908/224829.742586:INFO:CONSOLE:288] "请求时长: 4 ms", source: https://open.weixin.qq.com/connect/qrconnect?appid=wxf4edef2994e8d519&redirect_uri=https://uia.njfu.edu.cn/authserver/callback&response_type=code&scope=snsapi_login&state=83a3c4e1df5e762572e18445c1730056 (288)
[77966:6736442:0908/224914.286318:ERROR:content/browser/gpu/gpu_process_host.cc:1035] GPU process exited unexpectedly: exit_code=15
[77966:6736442:0908/224914.286349:WARNING:content/browser/gpu/gpu_process_host.cc:1479] The GPU process has crashed 1 time(s)
[77966:6736442:0908/224914.289701:WARNING:chrome/browser/ui/sad_tab.cc:254] Tab Killed: https://uia.njfu.edu.cn/
[77966:6736442:0908/224914.292814:ERROR:content/browser/network_service_instance_impl.cc:650] Network service crashed or was terminated, restarting service.
