Build started 2026/3/2 20:40:15.
     1>Project "F:\CPP\2025-2026-2 code\lesson1\0302Ex1\0302Ex1\0302Ex1.vcxproj" on node 2 (build target(s)).
     1>InitializeBuildStatus:
         Creating "Debug\0302Ex1.unsuccessfulbuild" because "AlwaysCreate" was specified.
       ClCompile:
         All outputs are up-to-date.
         D:\Program Files (x86)\Microsoft Visual Studio 10.0\VC\bin\CL.exe /c /ID:\software\opencv2.4.10\opencv\build\x86\vc10\bin /Iuser32.lib /Igdi32.lib /ZI /nologo /W3 /WX- /Od /Oy- /D WIN32 /D _DEBUG /D _CONSOLE /D _UNICODE /D UNICODE /Gm /EHsc /RTC1 /MDd /GS /fp:precise /Zc:wchar_t /Zc:forScope /Yu"StdAfx.h" /Fp"Debug\0302Ex1.pch" /Fo"Debug\\" /Fd"Debug\vc100.pdb" /Gd /TP /analyze- /errorReport:prompt 0302Ex1.cpp
         0302Ex1.cpp
     1>f:\cpp\2025-2026-2 code\lesson1\0302ex1\0302ex1\0302ex1.cpp(25): warning C4996: 'fopen': This function or variable may be unsafe. Consider using fopen_s instead. To disable deprecation, use _CRT_SECURE_NO_WARNINGS. See online help for details.
                 d:\program files (x86)\microsoft visual studio 10.0\vc\include\stdio.h(234) : see declaration of 'fopen'
     1>f:\cpp\2025-2026-2 code\lesson1\0302ex1\0302ex1\0302ex1.cpp(38): warning C4996: 'fscanf': This function or variable may be unsafe. Consider using fscanf_s instead. To disable deprecation, use _CRT_SECURE_NO_WARNINGS. See online help for details.
                 d:\program files (x86)\microsoft visual studio 10.0\vc\include\stdio.h(253) : see declaration of 'fscanf'
       ManifestResourceCompile:
         All outputs are up-to-date.
       Link:
         D:\Program Files (x86)\Microsoft Visual Studio 10.0\VC\bin\link.exe /ERRORREPORT:PROMPT /OUT:"F:\CPP\2025-2026-2 code\lesson1\0302Ex1\Debug\0302Ex1.exe" /INCREMENTAL /NOLOGO /LIBPATH:user32.lib /LIBPATH:gdi32.lib opencv_highgui2410d.lib opencv_imgproc2410d.lib opencv_ml2410d.lib opencv_core2410d.lib /MANIFEST /ManifestFile:"Debug\0302Ex1.exe.intermediate.manifest" /MANIFESTUAC:"level='asInvoker' uiAccess='false'" /DEBUG /PDB:"F:\CPP\2025-2026-2 code\lesson1\0302Ex1\Debug\0302Ex1.pdb" /SUBSYSTEM:CONSOLE /TLBID:1 /DYNAMICBASE /NXCOMPAT /IMPLIB:"F:\CPP\2025-2026-2 code\lesson1\0302Ex1\Debug\0302Ex1.lib" /MACHINE:X86 Debug\0302Ex1.exe.embed.manifest.res
         Debug\0302Ex1.obj
         Debug\stdafx.obj
       Manifest:
         C:\Program Files (x86)\Microsoft SDKs\Windows\v7.0A\bin\mt.exe /nologo /verbose /out:"Debug\0302Ex1.exe.embed.manifest" /manifest Debug\0302Ex1.exe.intermediate.manifest
         All outputs are up-to-date.
       LinkEmbedManifest:
         All outputs are up-to-date.
         0302Ex1.vcxproj -> F:\CPP\2025-2026-2 code\lesson1\0302Ex1\Debug\0302Ex1.exe
       FinalizeBuildStatus:
         Deleting file "Debug\0302Ex1.unsuccessfulbuild".
         Touching "Debug\0302Ex1.lastbuildstate".
     1>Done Building Project "F:\CPP\2025-2026-2 code\lesson1\0302Ex1\0302Ex1\0302Ex1.vcxproj" (build target(s)).

Build succeeded.

Time Elapsed 00:00:00.92
