欢迎使用四则运算练习程序！

========== 四则运算测试 ==========
您将有 10 道题目
每道题限时5秒，输入答案后按回车立即判断
按回车键开始...

第 1 题: 7 * 18 = ?
✗ 错误！正确答案是: 126

第 2 题: 24 / 12 = ?
✗ 错误！正确答案是: 2

第 3 题: 89 - 82 = ?
✗ 错误！正确答案是: 7

第 4 题: 95 - 54 = ?
✗ 错误！正确答案是: 41

第 5 题: 35 + 6 = ?
✗ 错误！正确答案是: 41

第 6 题: 47 - 24 = ?
✗ 错误！正确答案是: 23

第 7 题: 26 * 3 = ?
✗ 错误！正确答案是: 78

第 8 题: 34 / 17 = ?
✗ 错误！正确答案是: 2

第 9 题: 19 / 19 = ?
✗ 错误！正确答案是: 1

第 10 题: 4 / 4 = ?
✗ 错误！正确答案是: 1

========== 测试结果 ==========
总题数: 10
正确数: 0
错误数: 10
正确率: 0%
总用时: 0 秒
评价: 不及格！请多加练习！
==============================

是否继续练习？(y/n): 感谢使用，再见！
