请输入学生人数: 
===== 输入第 1 个学生信息 =====
请输入学号: 请输入姓名: 请输入语文成绩: 请输入数学成绩: 请输入英语成绩: 
===== 输入第 2 个学生信息 =====
请输入学号: 请输入姓名: 请输入语文成绩: 请输入数学成绩: 请输入英语成绩: 
===== 输入第 3 个学生信息 =====
请输入学号: 请输入姓名: 请输入语文成绩: 请输入数学成绩: 请输入英语成绩: 
===== 学生成绩一览表 =====
学生总人数: 3
语文总评成绩: 0
数学总评成绩: 0
英语总评成绩: 0

学生详细信息:
第 1 名: 学号: 2024001	姓名: 张三	语文: 85	数学: 92	英语: 78	总分: 255	平均分: 85
第 2 名: 学号: 2024002	姓名: 李四	语文: 76	数学: 88	英语: 95	总分: 259	平均分: 86.3333
第 3 名: 学号: 2024003	姓名: 王五	语文: 90	数学: 85	英语: 92	总分: 267	平均分: 89

已按平均分从高到低排序！

===== 学生成绩一览表 =====
学生总人数: 3
语文总评成绩: 0
数学总评成绩: 0
英语总评成绩: 0

学生详细信息:
第 1 名: 学号: 2024003	姓名: 王五	语文: 90	数学: 85	英语: 92	总分: 267	平均分: 89
第 2 名: 学号: 2024002	姓名: 李四	语文: 76	数学: 88	英语: 95	总分: 259	平均分: 86.3333
第 3 名: 学号: 2024001	姓名: 张三	语文: 85	数学: 92	英语: 78	总分: 255	平均分: 85

===== 全班总评成绩 =====
语文平均分: 83.6667
数学平均分: 88.3333
英语平均分: 88.3333
全班总平均分: 86.7778

===== 学生成绩一览表 =====
学生总人数: 3
语文总评成绩: 83.6667
数学总评成绩: 88.3333
英语总评成绩: 88.3333

学生详细信息:
第 1 名: 学号: 2024003	姓名: 王五	语文: 90	数学: 85	英语: 92	总分: 267	平均分: 89
第 2 名: 学号: 2024002	姓名: 李四	语文: 76	数学: 88	英语: 95	总分: 259	平均分: 86.3333
第 3 名: 学号: 2024001	姓名: 张三	语文: 85	数学: 92	英语: 78	总分: 255	平均分: 85
