测试 CopyString 类

创建对象 str1 (无参构造)
请输入字符串 (最多49个字符): 
str1的内容:
字符串内容: FirstString
字符串长度: 12 (包括结束符)
实际字符数: 11

创建对象 str2 (带参构造)

str2的内容:
字符串内容: Hello World
字符串长度: 12 (包括结束符)
实际字符数: 11

将str2拷贝到str1
字符串拷贝完成

拷贝后str1的内容:
字符串内容: Hello World
字符串长度: 12 (包括结束符)
实际字符数: 11

创建对象 str3 (拷贝构造)

str3的内容:
字符串内容: Hello World
字符串长度: 12 (包括结束符)
实际字符数: 11

修改str3的内容
请输入字符串 (最多49个字符): 
修改后str3的内容:
字符串内容: ModifiedString
字符串长度: 15 (包括结束符)
实际字符数: 14

str2的内容未受影响:
字符串内容: Hello World
字符串长度: 12 (包括结束符)
实际字符数: 11

对象即将销毁，观察析构顺序
