测试Date类

1. 带参数构造函数测试:
d1 = 2026年06月12日

2. 拷贝构造函数测试:
d2 (拷贝d1) = 2026年06月12日

3. 默认构造函数测试:
d3 = 1970年01月01日

4. 字符串参数构造函数测试:
d4 = 2025年01月01日

5. 赋值运算符重载测试:
d5 = d1 = 2026年06月12日

6. Add函数测试 (计算n天以后):
d6 = 2026年06月12日
d6 + 10天 = 2026年06月22日

d7 = 2026年12月25日
d7 + 15天 = 2027年01月09日

d8 = 2024年02月28日
d8 + 3天 = 2024年03月02日

d9 = 2026年12月30日
d9 + 10天 = 2027年01月09日

7. Sub函数测试 (计算n天以前):
d10 = 2026年06月12日
d10 - 5天 = 2026年06月07日

d11 = 2026年01月05日
d11 - 10天 = 2025年12月26日

d12 = 2024年03月01日
d12 - 3天 = 2024年02月27日

8. 链式调用测试:
d13 = 2026年06月01日
d13 +5天 -3天 +10天 = 2026年06月13日

9. 连续操作测试:
d14 = 2026年12月20日
d14 +20天 = 2027年01月09日
d14 -15天 = 2026年12月25日

10. 边界情况测试:
d15 = 2026年02月28日
d15 +1天 = 2026年03月01日

d16 = 2026年03月01日
d16 -1天 = 2026年02月28日
