测试Point类

1. 无参数构造函数测试:
p1 = (0, 0)

2. 带参数构造函数测试:
p2(3, 4) = (3, 4)

3. 拷贝构造函数测试:
p3(p2) = (3, 4)

4. offset函数测试 (偏移量):
p4 = (1, 2)
p4.offset(5, 3) = (6, 5)

5. offset函数测试 (点对象):
p5 = (2, 1)
p6 = (3, 2)
p5.offset(p6) = (5, 3)

6. 相等运算符测试:
p7 = (1, 1)
p8 = (1, 1)
p9 = (2, 2)
p7 == p8 : true
p7 == p9 : false

7. 不等运算符测试:
p7 != p8 : false
p7 != p9 : true

8. +=运算符测试:
p10 = (1, 2)
p11 = (3, 4)
p10 += p11 = (4, 6)

9. -=运算符测试:
p12 = (5, 6)
p13 = (2, 3)
p12 -= p13 = (3, 3)

10. 前缀++运算符测试:
p14 = (1, 1)
++p14 = (2, 2)

11. 后缀++运算符测试:
p15 = (1, 1)
p15++ = (11, 11)

12. 前缀--运算符测试:
p16 = (10, 10)
--p16 = (9, 9)

13. 后缀--运算符测试:
p17 = (10, 10)
p17-- = (0, 0)

14. +运算符测试:
p18 = (1, 2)
p19 = (3, 4)
p18 + p19 = (4, 6)

15. -运算符测试:
p21 = (5, 6)
p22 = (2, 3)
p21 - p22 = (3, 3)

16. GetX和GetY测试:
p24 = (7, 8)
p24.GetX() = 7
p24.GetY() = 8

17. 综合测试:
初始状态:
p25 = (0, 0)
p26 = (5, 5)
p27 = (2, 3)

p25 += p26 -> p25 = (5, 5)
p25 -= p27 -> p25 = (3, 2)
++p25 -> p25 = (4, 3)
p25-- -> p25 = (-6, -7)

p25 + p26 = (-1, -2)
