测试List1类（基于数组的链表）

1. 构造函数测试:
链表为空

2. Append函数测试:
插入元素 10 到链表尾部
插入元素 20 到链表尾部
插入元素 30 到链表尾部
插入元素 40 到链表尾部
链表元素: [10, 20, 30, 40]
实际长度: 4, 容量: 10

3. Insert函数测试:
在位置 0 插入元素 5
在位置 3 插入元素 25
在位置 6 插入元素 50
链表元素: [5, 10, 20, 25, 30, 40, 50]
实际长度: 7, 容量: 10

4. Remove函数测试:
删除位置 0 的元素 5
删除位置 3 的元素 30
删除位置 4 的元素 50
链表元素: [10, 20, 25, 40]
实际长度: 4, 容量: 10

5. Get和Set函数测试:
位置2的元素是: 25
将位置 2 的元素修改为 100
链表元素: [10, 20, 100, 40]
实际长度: 4, 容量: 10

6. Find函数测试:
查找元素30: 位置 -1
查找元素100: 位置 2
查找元素999: 位置 -1

7. 拷贝构造函数测试:
链表元素: [10, 20, 100, 40]
实际长度: 4, 容量: 10

8. 赋值运算符测试:
List1赋值运算符被调用
链表元素: [10, 20, 100, 40]
实际长度: 4, 容量: 10

9. Clear函数测试:
链表已清空
链表为空

10. 边界情况测试:
尝试插入 10: 插入元素 10 到链表尾部
尝试插入 20: 插入元素 20 到链表尾部
尝试插入 30: 插入元素 30 到链表尾部
尝试插入 40: 插入元素 40 到链表尾部
尝试插入 50: 插入元素 50 到链表尾部
尝试插入 60: 链表已满，无法插入元素
链表元素: [10, 20, 30, 40, 50]
实际长度: 5, 容量: 5

尝试在无效位置插入:
插入位置无效
插入位置无效

尝试删除无效位置:
删除位置无效
删除位置无效

11. 显示详细链表结构:

链表结构:
索引: [0] [1] [2] [3] [4]
数据:  10   20   30   40   50 
状态:  实   实   实   实   实 
实际长度: 5, 容量: 5

12. 状态测试:
list5是否为空: 是
list5是否已满: 否
插入元素 1 到链表尾部
插入元素 2 到链表尾部
插入元素 3 到链表尾部
list6是否为空: 否
list6是否已满: 是

程序结束，观察析构函数调用顺序
