测试List2类（使用外部数组的链表）

1. 默认构造函数测试:
链表为空

2. 带参数构造函数测试:
链表元素: [10, 20, 30, 40, 50]
链表长度: 5

3. Append函数测试:
在尾部添加元素 10，新长度: 1
在尾部添加元素 20，新长度: 2
在尾部添加元素 30，新长度: 3
在尾部添加元素 40，新长度: 4
链表元素: [10, 20, 30, 40]
链表长度: 4

4. Insert函数测试:
在尾部添加元素 10，新长度: 1
在尾部添加元素 20，新长度: 2
在尾部添加元素 30，新长度: 3
链表元素: [10, 20, 30]
链表长度: 3
在位置 0 插入元素 5，新长度: 4
在位置 2 插入元素 15，新长度: 5
在位置 5 插入元素 35，新长度: 6
链表元素: [5, 10, 15, 20, 30, 35]
链表长度: 6

5. Remove函数测试:
在尾部添加元素 10，新长度: 1
在尾部添加元素 20，新长度: 2
在尾部添加元素 30，新长度: 3
在尾部添加元素 40，新长度: 4
在尾部添加元素 50，新长度: 5
在尾部添加元素 60，新长度: 6
在尾部添加元素 70，新长度: 7
在尾部添加元素 80，新长度: 8
在尾部添加元素 90，新长度: 9
在尾部添加元素 100，新长度: 10
链表元素: [10, 20, 30, 40, 50, 60, 70, 80, 90, 100]
链表长度: 10
删除位置 0 的元素 10，新长度: 9
删除位置 4 的元素 60，新长度: 8
删除位置 7 的元素 100，新长度: 7
链表元素: [20, 30, 40, 50, 70, 80, 90]
链表长度: 7

6. Get和Set函数测试:
在尾部添加元素 10，新长度: 1
在尾部添加元素 20，新长度: 2
在尾部添加元素 30，新长度: 3
在尾部添加元素 40，新长度: 4
在尾部添加元素 50，新长度: 5
链表元素: [10, 20, 30, 40, 50]
链表长度: 5
位置2的元素是: 30
将位置 2 的元素修改为 100
链表元素: [10, 20, 100, 40, 50]
链表长度: 5

7. Find函数测试:
在尾部添加元素 5，新长度: 1
在尾部添加元素 10，新长度: 2
在尾部添加元素 15，新长度: 3
在尾部添加元素 20，新长度: 4
在尾部添加元素 25，新长度: 5
在尾部添加元素 30，新长度: 6
在尾部添加元素 35，新长度: 7
在尾部添加元素 40，新长度: 8
链表元素: [5, 10, 15, 20, 25, 30, 35, 40]
链表长度: 8
查找元素20: 位置 3
查找元素40: 位置 7
查找元素100: 位置 -1

8. 拷贝构造函数测试:
在尾部添加元素 100，新长度: 1
在尾部添加元素 200，新长度: 2
在尾部添加元素 300，新长度: 3
链表元素: [100, 200, 300]
链表长度: 3
链表元素: [100, 200, 300]
链表长度: 3

9. 赋值运算符测试:
List2赋值运算符被调用
链表元素: [100, 200, 300]
链表长度: 3

10. Attach函数测试:
已关联外部数组，长度: 6
链表元素: [1, 2, 3, 4, 5, 6]
链表长度: 6

11. Clear函数测试:
在尾部添加元素 1，新长度: 1
在尾部添加元素 2，新长度: 2
在尾部添加元素 3，新长度: 3
在尾部添加元素 4，新长度: 4
在尾部添加元素 5，新长度: 5
清空前: 链表元素: [1, 2, 3, 4, 5]
链表长度: 5
链表已清空
清空后: 链表为空

12. IsEmpty函数测试:
list13是否为空: 是
在尾部添加元素 100，新长度: 1
list13是否为空: 否

13. 边界情况测试:
尝试在空链表删除元素:
删除位置无效

尝试在无效位置插入:
插入位置无效
插入位置无效

尝试获取无效位置元素:
位置无效

14. 显示详细信息测试:
在尾部添加元素 10，新长度: 1
在尾部添加元素 20，新长度: 2
在尾部添加元素 30，新长度: 3
在尾部添加元素 40，新长度: 4
在尾部添加元素 50，新长度: 5
在尾部添加元素 60，新长度: 6

链表详细信息:
实际长度: 6
数组元素: tmp[0] = 10, tmp[1] = 20, tmp[2] = 30, tmp[3] = 40, tmp[4] = 50, tmp[5] = 60

15. GetArray函数测试:
通过GetArray获取的数组: 10 20 30 40 50 60 

程序结束，观察析构函数调用顺序
