文件处理程序

文件处理程序
1. 一屏一屏浏览指定文本文件
2. 将两个文本文件合并成一个文本文件
3. 给文本文件每一行加上行号
4. 将文件中小写字母转换成大写字母
5. 创建测试文件
0. 退出程序
请选择功能: 测试文件已创建

文件处理程序
1. 一屏一屏浏览指定文本文件
2. 将两个文本文件合并成一个文本文件
3. 给文本文件每一行加上行号
4. 将文件中小写字母转换成大写字母
5. 创建测试文件
0. 退出程序
请选择功能: 请输入要浏览的文件名: 
正在浏览文件: file1.txt
按回车键继续浏览，输入 q 退出
这是第一个测试文件
This is the first test file
1234567890
Hello World!
文件合并测试
文件浏览结束，共 5 行

文件处理程序
1. 一屏一屏浏览指定文本文件
2. 将两个文本文件合并成一个文本文件
3. 给文本文件每一行加上行号
4. 将文件中小写字母转换成大写字母
5. 创建测试文件
0. 退出程序
请选择功能: 请输入第一个文件名: 请输入第二个文件名: 请输入合并后的文件名: 文件合并成功！
file1.txt + file2.txt -> merged.txt

文件处理程序
1. 一屏一屏浏览指定文本文件
2. 将两个文本文件合并成一个文本文件
3. 给文本文件每一行加上行号
4. 将文件中小写字母转换成大写字母
5. 创建测试文件
0. 退出程序
请选择功能: 请输入源文件名: 请输入输出文件名: 添加行号成功！共处理 5 行
input.txt -> numbered.txt (已加行号)

文件处理程序
1. 一屏一屏浏览指定文本文件
2. 将两个文本文件合并成一个文本文件
3. 给文本文件每一行加上行号
4. 将文件中小写字母转换成大写字母
5. 创建测试文件
0. 退出程序
请选择功能: 请输入源文件名: 请输入输出文件名: 小写转大写成功！共转换 42 个字符
mixed.txt -> uppercase.txt (已转大写)

文件处理程序
1. 一屏一屏浏览指定文本文件
2. 将两个文本文件合并成一个文本文件
3. 给文本文件每一行加上行号
4. 将文件中小写字母转换成大写字母
5. 创建测试文件
0. 退出程序
请选择功能: 感谢使用，再见！
